c:\users\korea_2511\desktop\junglegametech\week0\week0\x64\debug\vc143.pdb
c:\users\korea_2511\desktop\junglegametech\week0\week0\x64\debug\vc143.idb
c:\users\korea_2511\desktop\junglegametech\week0\week0\x64\debug\resourcemanager.obj
c:\users\korea_2511\desktop\junglegametech\week0\week0\x64\debug\levelmanager.obj
c:\users\korea_2511\desktop\junglegametech\week0\week0\x64\debug\levelbase.obj
c:\users\korea_2511\desktop\junglegametech\week0\week0\x64\debug\imgui_widgets.obj
c:\users\korea_2511\desktop\junglegametech\week0\week0\x64\debug\imgui_tables.obj
c:\users\korea_2511\desktop\junglegametech\week0\week0\x64\debug\imgui_impl_win32.obj
c:\users\korea_2511\desktop\junglegametech\week0\week0\x64\debug\imgui_impl_dx11.obj
c:\users\korea_2511\desktop\junglegametech\week0\week0\x64\debug\imgui_draw.obj
c:\users\korea_2511\desktop\junglegametech\week0\week0\x64\debug\imgui_demo.obj
c:\users\korea_2511\desktop\junglegametech\week0\week0\x64\debug\imgui.obj
c:\users\korea_2511\desktop\junglegametech\week0\week0\x64\debug\main.obj
c:\users\korea_2511\desktop\junglegametech\week0\week0\x64\debug\inputmanager.obj
c:\users\korea_2511\desktop\junglegametech\week0\week0\x64\debug\level_movementactor.obj
c:\users\korea_2511\desktop\junglegametech\week0\week0\x64\debug\level_boundball.obj
c:\users\korea_2511\desktop\junglegametech\week0\week0\x64\debug\movementactor.obj
c:\users\korea_2511\desktop\junglegametech\week0\week0\x64\debug\boundactor.obj
c:\users\korea_2511\desktop\junglegametech\week0\week0\x64\debug\mesh.obj
c:\users\korea_2511\desktop\junglegametech\week0\week0\x64\debug\urenderer.obj
c:\users\korea_2511\desktop\junglegametech\week0\week0\x64\debug\actor.obj
c:\users\korea_2511\desktop\junglegametech\week0\week0\x64\debug\week0.ilk
c:\users\korea_2511\desktop\junglegametech\week0\x64\debug\week0.pdb
c:\users\korea_2511\desktop\junglegametech\week0\week0\x64\debug\week0.tlog\cl.command.1.tlog
c:\users\korea_2511\desktop\junglegametech\week0\week0\x64\debug\week0.tlog\cl.items.tlog
c:\users\korea_2511\desktop\junglegametech\week0\week0\x64\debug\week0.tlog\cl.read.1.tlog
c:\users\korea_2511\desktop\junglegametech\week0\week0\x64\debug\week0.tlog\cl.write.1.tlog
c:\users\korea_2511\desktop\junglegametech\week0\week0\x64\debug\week0.tlog\link.23936-cvtres.read.1.tlog
c:\users\korea_2511\desktop\junglegametech\week0\week0\x64\debug\week0.tlog\link.23936-cvtres.write.1.tlog
c:\users\korea_2511\desktop\junglegametech\week0\week0\x64\debug\week0.tlog\link.23936-rc.read.1.tlog
c:\users\korea_2511\desktop\junglegametech\week0\week0\x64\debug\week0.tlog\link.23936-rc.write.1.tlog
c:\users\korea_2511\desktop\junglegametech\week0\week0\x64\debug\week0.tlog\link.23936.read.1.tlog
c:\users\korea_2511\desktop\junglegametech\week0\week0\x64\debug\week0.tlog\link.23936.read.2.tlog
c:\users\korea_2511\desktop\junglegametech\week0\week0\x64\debug\week0.tlog\link.23936.write.1.tlog
c:\users\korea_2511\desktop\junglegametech\week0\week0\x64\debug\week0.tlog\link.command.1.tlog
c:\users\korea_2511\desktop\junglegametech\week0\week0\x64\debug\week0.tlog\link.read.1.tlog
c:\users\korea_2511\desktop\junglegametech\week0\week0\x64\debug\week0.tlog\link.secondary.1.tlog
c:\users\korea_2511\desktop\junglegametech\week0\week0\x64\debug\week0.tlog\link.write.1.tlog
